Category: 📺央视频道, Name: CCTV-2, Total: 10, Valid: 10, Valid Percent: 100.00%, Whitelist: 0, IPv4: 10, IPv6: 0, Min Delay: 447 ms, Max Speed: 8.67 M/s, Avg Speed: 4.28 M/s, Max Resolution: 1920x1080
Category: 📺央视频道, Name: CCTV-3, Total: 9, Valid: 7, Valid Percent: 77.78%, Whitelist: 0, IPv4: 9, IPv6: 0, Min Delay: 447 ms, Max Speed: 8.99 M/s, Avg Speed: 6.06 M/s, Max Resolution: 1920x1080
Category: 📺央视频道, Name: CCTV-4, Total: 11, Valid: 10, Valid Percent: 90.91%, Whitelist: 0, IPv4: 11, IPv6: 0, Min Delay: 50 ms, Max Speed: 94.05 M/s, Avg Speed: 31.80 M/s, Max Resolution: 1920x1080
Category: 📺央视频道, Name: CCTV-5, Total: 28, Valid: 26, Valid Percent: 92.86%, Whitelist: 0, IPv4: 28, IPv6: 0, Min Delay: 50 ms, Max Speed: 94.05 M/s, Avg Speed: 20.48 M/s, Max Resolution: 1920x1080
Category: 📺央视频道, Name: CCTV-5+, Total: 8, Valid: 7, Valid Percent: 87.50%, Whitelist: 0, IPv4: 8, IPv6: 0, Min Delay: 324 ms, Max Speed: 8.99 M/s, Avg Speed: 3.97 M/s, Max Resolution: 1920x1080
Category: 📺央视频道, Name: CCTV-6, Total: 24, Valid: 23, Valid Percent: 95.83%, Whitelist: 0, IPv4: 24, IPv6: 0, Min Delay: 50 ms, Max Speed: 94.05 M/s, Avg Speed: 31.95 M/s, Max Resolution: 1920x1080
Category: 📺央视频道, Name: CCTV-7, Total: 20, Valid: 19, Valid Percent: 95.00%, Whitelist: 0, IPv4: 20, IPv6: 0, Min Delay: 50 ms, Max Speed: 94.05 M/s, Avg Speed: 37.44 M/s, Max Resolution: 1920x1080
Category: 📺央视频道, Name: CCTV-8, Total: 24, Valid: 23, Valid Percent: 95.83%, Whitelist: 0, IPv4: 24, IPv6: 0, Min Delay: 50 ms, Max Speed: 94.05 M/s, Avg Speed: 28.28 M/s, Max Resolution: 1920x1080
Category: 📺央视频道, Name: CCTV-9, Total: 21, Valid: 20, Valid Percent: 95.24%, Whitelist: 0, IPv4: 21, IPv6: 0, Min Delay: 50 ms, Max Speed: 94.05 M/s, Avg Speed: 36.02 M/s, Max Resolution: 1920x1080
Category: 📺央视频道, Name: CCTV-10, Total: 26, Valid: 25, Valid Percent: 96.15%, Whitelist: 0, IPv4: 26, IPv6: 0, Min Delay: 50 ms, Max Speed: 94.05 M/s, Avg Speed: 28.84 M/s, Max Resolution: 1920x1080
Category: 📺央视频道, Name: CCTV-11, Total: 21, Valid: 20, Valid Percent: 95.24%, Whitelist: 0, IPv4: 21, IPv6: 0, Min Delay: 50 ms, Max Speed: 94.05 M/s, Avg Speed: 31.18 M/s, Max Resolution: 1920x1080
Category: 📺央视频道, Name: CCTV-12, Total: 22, Valid: 21, Valid Percent: 95.45%, Whitelist: 0, IPv4: 22, IPv6: 0, Min Delay: 50 ms, Max Speed: 94.05 M/s, Avg Speed: 34.18 M/s, Max Resolution: 1920x1080
Category: 📺央视频道, Name: CCTV-13, Total: 20, Valid: 19, Valid Percent: 95.00%, Whitelist: 0, IPv4: 20, IPv6: 0, Min Delay: 50 ms, Max Speed: 94.05 M/s, Avg Speed: 37.15 M/s, Max Resolution: 1920x1080
Category: 📺央视频道, Name: CCTV-14, Total: 26, Valid: 25, Valid Percent: 96.15%, Whitelist: 0, IPv4: 23, IPv6: 3, Min Delay: 50 ms, Max Speed: 94.05 M/s, Avg Speed: 29.05 M/s, Max Resolution: 1920x1080
Category: 📺央视频道, Name: CCTV-15, Total: 24, Valid: 23, Valid Percent: 95.83%, Whitelist: 0, IPv4: 24, IPv6: 0, Min Delay: 50 ms, Max Speed: 94.05 M/s, Avg Speed: 31.36 M/s, Max Resolution: 1920x1080
Category: 📺央视频道, Name: CCTV-16, Total: 18, Valid: 17, Valid Percent: 94.44%, Whitelist: 0, IPv4: 18, IPv6: 0, Min Delay: 50 ms, Max Speed: 94.05 M/s, Avg Speed: 25.86 M/s, Max Resolution: 1920x1080
Category: 📺央视频道, Name: CCTV-17, Total: 20, Valid: 19, Valid Percent: 95.00%, Whitelist: 0, IPv4: 20, IPv6: 0, Min Delay: 50 ms, Max Speed: 94.05 M/s, Avg Speed: 37.72 M/s, Max Resolution: 1920x1080
Category: 📡卫视频道, Name: 广东卫视, Total: 14, Valid: 14, Valid Percent: 100.00%, Whitelist: 0, IPv4: 14, IPv6: 0, Min Delay: 50 ms, Max Speed: 94.05 M/s, Avg Speed: 42.85 M/s, Max Resolution: 1920x1080
Category: 📡卫视频道, Name: 浙江卫视, Total: 15, Valid: 15, Valid Percent: 100.00%, Whitelist: 0, IPv4: 15, IPv6: 0, Min Delay: 50 ms, Max Speed: 94.05 M/s, Avg Speed: 40.41 M/s, Max Resolution: 1920x1080
Category: 📡卫视频道, Name: 湖南卫视, Total: 26, Valid: 26, Valid Percent: 100.00%, Whitelist: 0, IPv4: 26, IPv6: 0, Min Delay: 17 ms, Max Speed: 94.05 M/s, Avg Speed: 32.24 M/s, Max Resolution: 1920x1080
Category: 📡卫视频道, Name: 北京卫视, Total: 19, Valid: 19, Valid Percent: 100.00%, Whitelist: 0, IPv4: 19, IPv6: 0, Min Delay: 17 ms, Max Speed: 94.05 M/s, Avg Speed: 37.25 M/s, Max Resolution: 1920x1080
Category: 📡卫视频道, Name: 湖北卫视, Total: 17, Valid: 17, Valid Percent: 100.00%, Whitelist: 0, IPv4: 17, IPv6: 0, Min Delay: 17 ms, Max Speed: 94.05 M/s, Avg Speed: 41.65 M/s, Max Resolution: 1920x1080
Category: 📡卫视频道, Name: 黑龙江卫视, Total: 16, Valid: 16, Valid Percent: 100.00%, Whitelist: 0, IPv4: 16, IPv6: 0, Min Delay: 17 ms, Max Speed: 94.05 M/s, Avg Speed: 44.14 M/s, Max Resolution: 1920x1080
Category: 📡卫视频道, Name: 安徽卫视, Total: 17, Valid: 17, Valid Percent: 100.00%, Whitelist: 0, IPv4: 17, IPv6: 0, Min Delay: 50 ms, Max Speed: 94.05 M/s, Avg Speed: 41.63 M/s, Max Resolution: 1920x1080
Category: 📡卫视频道, Name: 重庆卫视, Total: 18, Valid: 18, Valid Percent: 100.00%, Whitelist: 0, IPv4: 18, IPv6: 0, Min Delay: 17 ms, Max Speed: 94.05 M/s, Avg Speed: 44.56 M/s, Max Resolution: 1920x1080
Category: 📡卫视频道, Name: 东方卫视, Total: 20, Valid: 20, Valid Percent: 100.00%, Whitelist: 0, IPv4: 20, IPv6: 0, Min Delay: 50 ms, Max Speed: 94.05 M/s, Avg Speed: 40.09 M/s, Max Resolution: 1920x1080
Category: 📡卫视频道, Name: 东南卫视, Total: 19, Valid: 19, Valid Percent: 100.00%, Whitelist: 0, IPv4: 17, IPv6: 2, Min Delay: 50 ms, Max Speed: 94.05 M/s, Avg Speed: 46.40 M/s, Max Resolution: 1920x1080
Category: 📡卫视频道, Name: 甘肃卫视, Total: 12, Valid: 12, Valid Percent: 100.00%, Whitelist: 0, IPv4: 11, IPv6: 1, Min Delay: 50 ms, Max Speed: 94.05 M/s, Avg Speed: 56.70 M/s, Max Resolution: 1920x1080
Category: 📡卫视频道, Name: 广西卫视, Total: 19, Valid: 18, Valid Percent: 94.74%, Whitelist: 0, IPv4: 17, IPv6: 2, Min Delay: 50 ms, Max Speed: 94.05 M/s, Avg Speed: 48.92 M/s, Max Resolution: 1920x1080
Category: 📡卫视频道, Name: 贵州卫视, Total: 18, Valid: 18, Valid Percent: 100.00%, Whitelist: 0, IPv4: 18, IPv6: 0, Min Delay: 50 ms, Max Speed: 94.05 M/s, Avg Speed: 54.60 M/s, Max Resolution: 1920x1080
Category: 📡卫视频道, Name: 海南卫视, Total: 11, Valid: 11, Valid Percent: 100.00%, Whitelist: 0, IPv4: 11, IPv6: 0, Min Delay: 17 ms, Max Speed: 94.05 M/s, Avg Speed: 61.11 M/s, Max Resolution: 1920x1080
Category: 📡卫视频道, Name: 河北卫视, Total: 19, Valid: 19, Valid Percent: 100.00%, Whitelist: 0, IPv4: 19, IPv6: 0, Min Delay: 17 ms, Max Speed: 94.05 M/s, Avg Speed: 47.31 M/s, Max Resolution: 1920x1080
Category: 📡卫视频道, Name: 河南卫视, Total: 20, Valid: 20, Valid Percent: 100.00%, Whitelist: 0, IPv4: 20, IPv6: 0, Min Delay: 50 ms, Max Speed: 94.05 M/s, Avg Speed: 49.50 M/s, Max Resolution: 1920x1080
Category: 📡卫视频道, Name: 吉林卫视, Total: 14, Valid: 14, Valid Percent: 100.00%, Whitelist: 0, IPv4: 14, IPv6: 0, Min Delay: 50 ms, Max Speed: 94.05 M/s, Avg Speed: 43.32 M/s, Max Resolution: 1920x1080
Category: 📡卫视频道, Name: 江苏卫视, Total: 19, Valid: 19, Valid Percent: 100.00%, Whitelist: 0, IPv4: 19, IPv6: 0, Min Delay: 50 ms, Max Speed: 94.05 M/s, Avg Speed: 37.25 M/s, Max Resolution: 1920x1080
Category: 📡卫视频道, Name: 江西卫视, Total: 16, Valid: 16, Valid Percent: 100.00%, Whitelist: 0, IPv4: 16, IPv6: 0, Min Delay: 17 ms, Max Speed: 94.05 M/s, Avg Speed: 44.14 M/s, Max Resolution: 1920x1080
Category: 📡卫视频道, Name: 辽宁卫视, Total: 17, Valid: 17, Valid Percent: 100.00%, Whitelist: 0, IPv4: 17, IPv6: 0, Min Delay: 50 ms, Max Speed: 94.05 M/s, Avg Speed: 46.85 M/s, Max Resolution: 1920x1080
Category: 📡卫视频道, Name: 内蒙古卫视, Total: 16, Valid: 16, Valid Percent: 100.00%, Whitelist: 0, IPv4: 14, IPv6: 2, Min Delay: 17 ms, Max Speed: 94.05 M/s, Avg Speed: 32.27 M/s, Max Resolution: 1920x1080
Category: 📡卫视频道, Name: 宁夏卫视, Total: 13, Valid: 13, Valid Percent: 100.00%, Whitelist: 0, IPv4: 13, IPv6: 0, Min Delay: 50 ms, Max Speed: 94.05 M/s, Avg Speed: 47.00 M/s, Max Resolution: 1920x1080
Category: 📡卫视频道, Name: 青海卫视, Total: 18, Valid: 18, Valid Percent: 100.00%, Whitelist: 0, IPv4: 16, IPv6: 2, Min Delay: 17 ms, Max Speed: 94.05 M/s, Avg Speed: 44.53 M/s, Max Resolution: 1920x1080
Category: 📡卫视频道, Name: 山东卫视, Total: 19, Valid: 19, Valid Percent: 100.00%, Whitelist: 0, IPv4: 19, IPv6: 0, Min Delay: 50 ms, Max Speed: 94.05 M/s, Avg Speed: 37.25 M/s, Max Resolution: 1920x1080
Category: 📡卫视频道, Name: 山西卫视, Total: 12, Valid: 12, Valid Percent: 100.00%, Whitelist: 0, IPv4: 12, IPv6: 0, Min Delay: 17 ms, Max Speed: 94.05 M/s, Avg Speed: 42.80 M/s, Max Resolution: 1920x1080
Category: 📡卫视频道, Name: 陕西卫视, Total: 12, Valid: 12, Valid Percent: 100.00%, Whitelist: 0, IPv4: 12, IPv6: 0, Min Delay: 17 ms, Max Speed: 94.05 M/s, Avg Speed: 27.66 M/s, Max Resolution: 1920x1080
Category: 📡卫视频道, Name: 四川卫视, Total: 19, Valid: 19, Valid Percent: 100.00%, Whitelist: 0, IPv4: 19, IPv6: 0, Min Delay: 17 ms, Max Speed: 94.05 M/s, Avg Speed: 52.02 M/s, Max Resolution: 1920x1080
Category: 📡卫视频道, Name: 深圳卫视, Total: 20, Valid: 20, Valid Percent: 100.00%, Whitelist: 0, IPv4: 20, IPv6: 0, Min Delay: 50 ms, Max Speed: 94.05 M/s, Avg Speed: 35.42 M/s, Max Resolution: 1920x1080
Category: 📡卫视频道, Name: 三沙卫视, Total: 11, Valid: 11, Valid Percent: 100.00%, Whitelist: 0, IPv4: 11, IPv6: 0, Min Delay: 50 ms, Max Speed: 94.05 M/s, Avg Speed: 54.13 M/s, Max Resolution: 1920x1080
Category: 📡卫视频道, Name: 天津卫视, Total: 15, Valid: 15, Valid Percent: 100.00%, Whitelist: 0, IPv4: 15, IPv6: 0, Min Delay: 50 ms, Max Speed: 94.05 M/s, Avg Speed: 40.25 M/s, Max Resolution: 1920x1080
Category: 📡卫视频道, Name: 西藏卫视, Total: 13, Valid: 13, Valid Percent: 100.00%, Whitelist: 0, IPv4: 11, IPv6: 2, Min Delay: 17 ms, Max Speed: 94.05 M/s, Avg Speed: 39.08 M/s, Max Resolution: 1920x1080
Category: 📡卫视频道, Name: 新疆卫视, Total: 15, Valid: 15, Valid Percent: 100.00%, Whitelist: 0, IPv4: 14, IPv6: 1, Min Delay: 17 ms, Max Speed: 94.05 M/s, Avg Speed: 34.58 M/s, Max Resolution: 1920x1080
Category: 📡卫视频道, Name: 云南卫视, Total: 20, Valid: 20, Valid Percent: 100.00%, Whitelist: 0, IPv4: 19, IPv6: 1, Min Delay: 50 ms, Max Speed: 94.05 M/s, Avg Speed: 44.48 M/s, Max Resolution: 1920x1080
